###############################################################################
#
# IAR ELF Linker V9.10.1.308/W64 for ARM                  21/Apr/2021  16:06:18
# Copyright 2007-2021 IAR Systems AB.
#
#    Output file  =  C:\Embedded\Lesson4\Debug\Exe\project.out
#    Map file     =  C:\Embedded\Lesson4\Debug\List\project.map
#    Command line =
#        -f C:\Embedded\Lesson4\Debug\Exe\project.out.rsp
#        (C:\Embedded\Lesson4\Debug\Obj\main.o --no_out_extension -o
#        C:\Embedded\Lesson4\Debug\Exe\project.out --redirect
#        _Printf=_PrintfFullNoMb --redirect _Scanf=_ScanfFullNoMb --map
#        C:\Embedded\Lesson4\Debug\List\project.map --config "C:\Program
#        Files\IAR Systems\Embedded Workbench
#        9.0\arm\config\linker\TexasInstruments\LM4F120H5QR.icf" --semihosting
#        --entry __iar_program_start --vfe --text_out locale)
#
###############################################################################

*******************************************************************************
*** RUNTIME MODEL ATTRIBUTES
***

CppFlavor       = *
__SystemLibrary = DLib
__dlib_version  = 6


*******************************************************************************
*** HEAP SELECTION
***

The basic heap was selected because some modules are built with
size limitations (and not runtime checking), and --advanced_heap
was not specified.


*******************************************************************************
*** PLACEMENT SUMMARY
***

"A0":  place at address 0x0 { ro section .intvec };
"P1":  place in [from 0x0 to 0x3'ffff] { ro };
define block CSTACK with size = 2K, alignment = 8 { };
define block HEAP with size = 8K, alignment = 8 { };
"P2":  place in [from 0x2000'0000 to 0x2000'7fff] {
          rw, block CSTACK, block HEAP };

No sections matched the following patterns:

  rw  in "P2"


  Section   Kind         Address   Size  Object
  -------   ----         -------   ----  ------
"A0":                              0x40
  .intvec   ro code          0x0   0x40  vector_table_M.o [4]
                          - 0x40   0x40

"P1":                             0x160
  .text     ro code         0x40   0x64  main.o [1]
  .text     ro code         0xa4   0x56  ABImemcpy_unaligned.o [4]
  .text     ro code         0xfa    0x2  vectortrap_M.o [4]
  .text     ro code         0xfc   0x22  fpinit_M.o [3]
  .text     ro code        0x120   0x1e  cmain.o [4]
  .text     ro code        0x13e    0x4  low_level_init.o [2]
  .text     ro code        0x142    0x4  exit.o [2]
  .text     ro code        0x148    0xa  cexit.o [4]
  .text     ro code        0x154   0x14  exit.o [5]
  .rodata   const          0x168   0x1c  main.o [1]
  .text     ro code        0x184   0x1c  cstartup_M.o [4]
                         - 0x1a0  0x160

"P2":                             0x800
  CSTACK             0x2000'0000  0x800  <Block>
    CSTACK  uninit   0x2000'0000  0x800  <Block tail>
                   - 0x2000'0800  0x800

Unused ranges:

         From           To      Size
         ----           --      ----
        0x1a0     0x3'ffff  0x3'fe60
  0x2000'0800  0x2000'7fff    0x7800



*******************************************************************************
*** MODULE SUMMARY
***

    Module                 ro code  ro data  rw data
    ------                 -------  -------  -------
command line/config:
    ------------------------------------------------
    Total:

C:\Embedded\Lesson4\Debug\Obj: [1]
    main.o                     100       28
    ------------------------------------------------
    Total:                     100       28

dl7M_tln.a: [2]
    exit.o                       4
    low_level_init.o             4
    ------------------------------------------------
    Total:                       8

m7M_tls.a: [3]
    fpinit_M.o                  34
    ------------------------------------------------
    Total:                      34

rt7M_tl.a: [4]
    ABImemcpy_unaligned.o       86
    cexit.o                     10
    cmain.o                     30
    cstartup_M.o                28
    vector_table_M.o            64
    vectortrap_M.o               2
    ------------------------------------------------
    Total:                     220

shb_l.a: [5]
    exit.o                      20
    ------------------------------------------------
    Total:                      20

    Gaps                         6
    Linker created                             2'048
----------------------------------------------------
    Grand Total:               388       28    2'048


*******************************************************************************
*** ENTRY LIST
***

Entry                       Address  Size  Type      Object
-----                       -------  ----  ----      ------
?main                         0x121        Code  Gb  cmain.o [4]
BusFault_Handler               0xfb        Code  Wk  vectortrap_M.o [4]
CSTACK$$Base            0x2000'0000         --   Gb  - Linker created -
CSTACK$$Limit           0x2000'0800         --   Gb  - Linker created -
DebugMon_Handler               0xfb        Code  Wk  vectortrap_M.o [4]
HardFault_Handler              0xfb        Code  Wk  vectortrap_M.o [4]
MemManage_Handler              0xfb        Code  Wk  vectortrap_M.o [4]
NMI_Handler                    0xfb        Code  Wk  vectortrap_M.o [4]
PendSV_Handler                 0xfb        Code  Wk  vectortrap_M.o [4]
Region$$Table$$Base             0x0         --   Gb  - Linker created -
Region$$Table$$Limit            0x0         --   Gb  - Linker created -
SVC_Handler                    0xfb        Code  Wk  vectortrap_M.o [4]
SysTick_Handler                0xfb        Code  Wk  vectortrap_M.o [4]
UsageFault_Handler             0xfb        Code  Wk  vectortrap_M.o [4]
__cmain                       0x121        Code  Gb  cmain.o [4]
__exit                        0x155  0x14  Code  Gb  exit.o [5]
__iar_init_vfp                 0xfd        Code  Gb  fpinit_M.o [3]
__iar_program_start           0x185        Code  Gb  cstartup_M.o [4]
__iar_unaligned_memcpy4
                               0xa5        Code  Gb  ABImemcpy_unaligned.o [4]
__iar_unaligned_memcpy8
                               0xa5        Code  Gb  ABImemcpy_unaligned.o [4]
__low_level_init              0x13f   0x4  Code  Gb  low_level_init.o [2]
__vector_table                  0x0        Data  Gb  vector_table_M.o [4]
_call_main                    0x12d        Code  Gb  cmain.o [4]
_exit                         0x149        Code  Gb  cexit.o [4]
delay                          0x41   0xc  Code  Gb  main.o [1]
exit                          0x143   0x4  Code  Gb  exit.o [2]
main                           0x4d  0x40  Code  Gb  main.o [1]


[1] = C:\Embedded\Lesson4\Debug\Obj
[2] = dl7M_tln.a
[3] = m7M_tls.a
[4] = rt7M_tl.a
[5] = shb_l.a

    388 bytes of readonly  code memory
     28 bytes of readonly  data memory
  2'048 bytes of readwrite data memory

Errors: none
Warnings: none
